2025/07/12 13:01:50 init.go:24: ✅ 数据库连接成功，迁移完成
2025/07/12 13:01:55 cookie_refresher.go:18: 🔄 正在刷新所有学生 cookies...
2025/07/12 13:01:55 cookie_refresher.go:39: ✅ 学号 20230202332601 cookies 已更新
2025/07/12 13:01:56 cookie_refresher.go:39: ✅ 学号 20230202332602 cookies 已更新
2025/07/12 13:01:57 cookie_refresher.go:39: ✅ 学号 20230202332603 cookies 已更新
2025/07/12 13:01:57 cookie_refresher.go:39: ✅ 学号 20230202332604 cookies 已更新
2025/07/12 13:01:58 cookie_refresher.go:39: ✅ 学号 20230202332610 cookies 已更新
2025/07/12 13:01:59 cookie_refresher.go:39: ✅ 学号 20230202332611 cookies 已更新
2025/07/12 13:01:59 cookie_refresher.go:39: ✅ 学号 20220202332611 cookies 已更新
2025/07/12 13:02:00 cookie_refresher.go:39: ✅ 学号 20220202332609 cookies 已更新
2025/07/12 13:02:00 cookie_refresher.go:39: ✅ 学号 20220202332602 cookies 已更新
2025/07/12 13:02:01 cookie_refresher.go:39: ✅ 学号 20230202332409 cookies 已更新
2025/07/12 13:02:04 cookie_refresher.go:39: ✅ 学号 20230202332408 cookies 已更新
2025/07/12 13:02:04 cookie_refresher.go:43: ✅ 所有学生 cookies 刷新完成
2025/07/12 13:02:50 sign_worker.go:30: ⏰ 自动签到调度器运行中...
2025/07/12 13:02:50 sign_worker.go:32: 📭 当前无待签到任务（检测持续运行中... ...）
2025/07/12 16:48:10 init.go:24: ✅ 数据库连接成功，迁移完成
2025/07/12 16:49:10 sign_worker.go:30: ⏰ 自动签到调度器运行中...
2025/07/12 16:49:10 sign_worker.go:32: 📭 当前无待签到任务（检测持续运行中... ...）
2025/07/12 17:51:30 init.go:24: ✅ 数据库连接成功，迁移完成
2025/07/12 17:52:30 sign_worker.go:30: ⏰ 自动签到调度器运行中...
2025/07/12 17:52:30 sign_worker.go:32: 📭 当前无待签到任务（检测持续运行中... ...）
2025/07/12 18:00:00 cookie_refresher.go:23: 🔄 正在刷新所有学生 cookies...
2025/07/12 18:00:00 cookie_refresher.go:44: ✅ 学号 20230202332601 cookies 已更新
2025/07/12 18:00:01 cookie_refresher.go:44: ✅ 学号 20230202332602 cookies 已更新
2025/07/12 18:00:02 cookie_refresher.go:44: ✅ 学号 20230202332603 cookies 已更新
2025/07/12 18:00:02 cookie_refresher.go:44: ✅ 学号 20230202332604 cookies 已更新
2025/07/12 18:00:03 cookie_refresher.go:44: ✅ 学号 20230202332610 cookies 已更新
2025/07/12 18:00:03 cookie_refresher.go:44: ✅ 学号 20230202332611 cookies 已更新
2025/07/12 18:00:04 cookie_refresher.go:44: ✅ 学号 20220202332611 cookies 已更新
2025/07/12 18:00:05 cookie_refresher.go:44: ✅ 学号 20220202332609 cookies 已更新
2025/07/12 18:00:05 cookie_refresher.go:44: ✅ 学号 20220202332602 cookies 已更新
2025/07/12 18:00:06 cookie_refresher.go:44: ✅ 学号 20230202332409 cookies 已更新
2025/07/12 18:00:06 cookie_refresher.go:44: ✅ 学号 20230202332408 cookies 已更新
2025/07/12 18:00:06 cookie_refresher.go:48: ✅ 所有学生 cookies 刷新完成
2025/07/12 20:54:28 sign_worker.go:30: ⏰ 自动签到调度器运行中...
2025/07/12 20:54:28 sign_worker.go:34: 📌 找到 1 个待签到任务，准备开始执行！
2025/07/12 20:54:28 sign_worker.go:40: → 执行签到任务: StuID=20230001, ActivityID=activity_123
2025/07/12 20:54:28 sign_worker.go:43: ❌ 签到失败: 找不到学号 20230001 对应的学生信息
2025/07/12 20:54:30 sign_worker.go:30: ⏰ 自动签到调度器运行中...
2025/07/12 20:54:30 sign_worker.go:32: 📭 当前无待签到任务（检测持续运行中... ...）
2025/07/12 20:59:30 sign_worker.go:30: ⏰ 自动签到调度器运行中...
2025/07/12 20:59:30 sign_worker.go:34: 📌 找到 1 个待签到任务，准备开始执行！
2025/07/12 20:59:30 sign_worker.go:40: → 执行签到任务: StuID=20230001, ActivityID=activity_123
2025/07/12 20:59:30 sign_worker.go:43: ❌ 签到失败: 找不到学号 20230001 对应的学生信息
2025/07/12 21:00:30 sign_worker.go:30: ⏰ 自动签到调度器运行中...
2025/07/12 21:00:30 sign_worker.go:32: 📭 当前无待签到任务（检测持续运行中... ...）
2025/07/12 21:05:30 sign_worker.go:30: ⏰ 自动签到调度器运行中...
2025/07/12 21:05:30 sign_worker.go:34: 📌 找到 1 个待签到任务，准备开始执行！
2025/07/12 21:05:30 sign_worker.go:40: → 执行签到任务: StuID=20230001, ActivityID=activity_123
2025/07/12 21:05:30 sign_worker.go:43: ❌ 签到失败: 找不到学号 20230001 对应的学生信息
2025/07/12 21:06:30 sign_worker.go:30: ⏰ 自动签到调度器运行中...
2025/07/12 21:06:30 sign_worker.go:32: 📭 当前无待签到任务（检测持续运行中... ...）
2025/07/12 21:11:30 sign_worker.go:30: ⏰ 自动签到调度器运行中...
2025/07/12 21:11:30 sign_worker.go:34: 📌 找到 1 个待签到任务，准备开始执行！
2025/07/12 21:11:30 sign_worker.go:40: → 执行签到任务: StuID=20230001, ActivityID=activity_123
2025/07/12 21:11:30 sign_worker.go:43: ❌ 签到失败: 找不到学号 20230001 对应的学生信息
2025/07/12 21:12:30 sign_worker.go:30: ⏰ 自动签到调度器运行中...
2025/07/12 21:12:30 sign_worker.go:32: 📭 当前无待签到任务（检测持续运行中... ...）
2025/07/12 21:17:30 sign_worker.go:30: ⏰ 自动签到调度器运行中...
2025/07/12 21:17:30 sign_worker.go:34: 📌 找到 1 个待签到任务，准备开始执行！
2025/07/12 21:17:30 sign_worker.go:40: → 执行签到任务: StuID=20230001, ActivityID=activity_123
2025/07/12 21:17:30 sign_worker.go:43: ❌ 签到失败: 找不到学号 20230001 对应的学生信息
2025/07/12 21:18:30 sign_worker.go:30: ⏰ 自动签到调度器运行中...
2025/07/12 21:18:30 sign_worker.go:32: 📭 当前无待签到任务（检测持续运行中... ...）
2025/07/12 21:23:30 sign_worker.go:30: ⏰ 自动签到调度器运行中...
2025/07/12 21:23:30 sign_worker.go:34: 📌 找到 1 个待签到任务，准备开始执行！
2025/07/12 21:23:30 sign_worker.go:40: → 执行签到任务: StuID=20230001, ActivityID=activity_123
2025/07/12 21:23:30 sign_worker.go:43: ❌ 签到失败: 找不到学号 20230001 对应的学生信息
2025/07/12 21:24:30 sign_worker.go:30: ⏰ 自动签到调度器运行中...
2025/07/12 21:24:30 sign_worker.go:32: 📭 当前无待签到任务（检测持续运行中... ...）
2025/07/12 23:24:09 init.go:24: ✅ 数据库连接成功，迁移完成
2025/07/12 23:25:09 sign_worker.go:30: ⏰ 自动签到调度器运行中...
2025/07/12 23:25:09 sign_worker.go:32: 📭 当前无待签到任务（检测持续运行中... ...）
2025/07/12 23:30:36 init.go:24: ✅ 数据库连接成功，迁移完成
2025/07/12 23:31:36 sign_worker.go:30: ⏰ 自动签到调度器运行中...
2025/07/12 23:31:36 sign_worker.go:32: 📭 当前无待签到任务（检测持续运行中... ...）
2025/07/12 23:33:27 init.go:24: ✅ 数据库连接成功，迁移完成
2025/07/12 23:34:27 sign_worker.go:30: ⏰ 自动签到调度器运行中...
2025/07/12 23:34:27 sign_worker.go:32: 📭 当前无待签到任务（检测持续运行中... ...）
2025/07/13 00:00:00 reset_worker.go:33: ✅ 所有任务已于 00:00 重置
2025/07/13 00:00:27 sign_worker.go:30: ⏰ 自动签到调度器运行中...
2025/07/13 00:00:27 sign_worker.go:34: 📌 找到 1 个待签到任务，准备开始执行！
2025/07/13 00:00:27 sign_worker.go:40: → 执行签到任务: StuID=20230001, ActivityID=activity_123
2025/07/13 00:00:27 sign_worker.go:43: ❌ 签到失败: 找不到学号 20230001 对应的学生信息
2025/07/13 00:01:27 sign_worker.go:30: ⏰ 自动签到调度器运行中...
2025/07/13 00:01:27 sign_worker.go:32: 📭 当前无待签到任务（检测持续运行中... ...）
