2025/09/27 00:31:35 init.go:38: ✅ 数据库连接成功，迁移完成
2025/09/27 00:32:00 cookie_refresher.go:24: 🔄 正在刷新所有学生 cookies...
2025/09/27 00:32:00 login.go:130: 🔁 第 1 次尝试登录学号 20230202332408...
2025/09/27 00:32:00 login.go:80: 获取登录响应: {"isok":false,"times":1,"isshowvalcode":false,"msg":"用户不存在或密码错误，连续登陆超过3次将被锁定","g":null}
2025/09/27 00:32:00 login.go:98: 微学工平台提示信息: 用户不存在或密码错误，连续登陆超过3次将被锁定
2025/09/27 00:32:00 login.go:130: 🔁 第 2 次尝试登录学号 20230202332408...
2025/09/27 00:32:00 login.go:80: 获取登录响应: {"isok":false,"times":1,"isshowvalcode":false,"msg":"用户不存在或密码错误，连续登陆超过3次将被锁定","g":null}
2025/09/27 00:32:00 login.go:98: 微学工平台提示信息: 用户不存在或密码错误，连续登陆超过3次将被锁定
2025/09/27 00:32:00 login.go:130: 🔁 第 3 次尝试登录学号 20230202332408...
2025/09/27 00:32:01 login.go:80: 获取登录响应: {"isok":false,"times":1,"isshowvalcode":false,"msg":"用户不存在或密码错误，连续登陆超过3次将被锁定","g":null}
2025/09/27 00:32:01 login.go:98: 微学工平台提示信息: 用户不存在或密码错误，连续登陆超过3次将被锁定
2025/09/27 00:32:01 cookie_refresher.go:47: ⚠️ 登录失败: 学号=20230202332408，错误=多次登录失败: 登录成功但未获取到 cookies
2025/09/27 00:32:01 cookie_refresher.go:70: 🔍 调试: 学号=20230202332408 查到绑定用户数=0
2025/09/27 00:32:35 sign_worker.go:28: ⏰ 自动签到调度器运行中...
2025/09/27 00:32:35 sign_worker.go:30: 📭 当前无待签到任务（检测持续运行中... ...）
2025/09/27 00:46:36 init.go:38: ✅ 数据库连接成功，迁移完成
2025/09/27 00:47:36 sign_worker.go:28: ⏰ 自动签到调度器运行中...
2025/09/27 00:47:36 sign_worker.go:30: 📭 当前无待签到任务（检测持续运行中... ...）
2025/09/27 00:48:44 init.go:38: ✅ 数据库连接成功，迁移完成
2025/09/27 00:49:00 cookie_refresher.go:24: 🔄 正在刷新所有学生 cookies...
2025/09/27 00:49:00 login.go:129: 🔁 第 1 次尝试登录学号 20230202332408...
2025/09/27 00:49:00 login.go:80: 获取登录响应: {"isok":false,"times":1,"isshowvalcode":false,"msg":"用户不存在或密码错误，连续登陆超过3次将被锁定","g":null}
2025/09/27 00:49:00 login.go:98: 微学工平台提示信息: 用户不存在或密码错误，连续登陆超过3次将被锁定
2025/09/27 00:49:00 cookie_refresher.go:47: ⚠️ 登录失败: 学号=20230202332408，错误=登录失败: 用户不存在或密码错误，连续登陆超过3次将被锁定
2025/09/27 00:49:03 cookie_refresher.go:85: 📧 已通知用户 chenjunhao（邮箱=2219911811@qq.com）学号 20230202332408 登录失败
2025/09/27 00:49:44 sign_worker.go:28: ⏰ 自动签到调度器运行中...
2025/09/27 00:49:44 sign_worker.go:30: 📭 当前无待签到任务（检测持续运行中... ...）
