2025/09/13 22:26:12 init.go:38: ✅ 数据库连接成功，迁移完成
2025/09/13 22:27:12 sign_worker.go:28: ⏰ 自动签到调度器运行中...
2025/09/13 22:27:12 sign_worker.go:30: 📭 当前无待签到任务（检测持续运行中... ...）
2025/09/13 22:28:17 init.go:38: ✅ 数据库连接成功，迁移完成
2025/09/13 22:29:17 sign_worker.go:28: ⏰ 自动签到调度器运行中...
2025/09/13 22:29:17 sign_worker.go:32: 📌 找到 48 个待签到任务，准备开始执行！
2025/09/13 22:29:17 sign_worker.go:38: → 执行签到任务: StuID=20230202332409, ActivityID=123
2025/09/13 22:29:17 sign_worker.go:43: ✅ 执行完成（结果已由任务内部判定）: ActivityID=123
2025/09/13 22:29:17 sign_worker.go:38: → 执行签到任务: StuID=20230826330414, ActivityID=75
2025/09/13 22:29:18 sign_worker.go:43: ✅ 执行完成（结果已由任务内部判定）: ActivityID=75
2025/09/13 22:29:18 sign_worker.go:38: → 执行签到任务: StuID=20230202332411, ActivityID=123
2025/09/13 22:29:18 sign_worker.go:43: ✅ 执行完成（结果已由任务内部判定）: ActivityID=123
2025/09/13 22:29:18 sign_worker.go:38: → 执行签到任务: StuID=20230202332224, ActivityID=123
2025/09/13 22:29:19 sign_worker.go:43: ✅ 执行完成（结果已由任务内部判定）: ActivityID=123
2025/09/13 22:29:19 sign_worker.go:38: → 执行签到任务: StuID=20230203330107, ActivityID=123
2025/09/13 22:29:20 sign_worker.go:43: ✅ 执行完成（结果已由任务内部判定）: ActivityID=123
2025/09/13 22:29:20 sign_worker.go:38: → 执行签到任务: StuID=20230202332427, ActivityID=123
2025/09/13 22:29:20 sign_worker.go:43: ✅ 执行完成（结果已由任务内部判定）: ActivityID=123
2025/09/13 22:29:20 sign_worker.go:38: → 执行签到任务: StuID=20230202330315, ActivityID=124
2025/09/13 22:29:21 sign_worker.go:43: ✅ 执行完成（结果已由任务内部判定）: ActivityID=124
2025/09/13 22:29:21 sign_worker.go:38: → 执行签到任务: StuID=20230202330113, ActivityID=124
2025/09/13 22:29:21 sign_worker.go:43: ✅ 执行完成（结果已由任务内部判定）: ActivityID=124
2025/09/13 22:29:21 sign_worker.go:38: → 执行签到任务: StuID=20230202330104, ActivityID=124
2025/09/13 22:29:22 sign_worker.go:43: ✅ 执行完成（结果已由任务内部判定）: ActivityID=124
2025/09/13 22:29:22 sign_worker.go:38: → 执行签到任务: StuID=20230202330418, ActivityID=124
2025/09/13 22:29:22 sign_worker.go:43: ✅ 执行完成（结果已由任务内部判定）: ActivityID=124
2025/09/13 22:29:22 sign_worker.go:38: → 执行签到任务: StuID=20230202330109, ActivityID=124
2025/09/13 22:29:23 sign_worker.go:43: ✅ 执行完成（结果已由任务内部判定）: ActivityID=124
2025/09/13 22:29:23 sign_worker.go:38: → 执行签到任务: StuID=20230202332413, ActivityID=123
2025/09/13 22:29:23 sign_worker.go:43: ✅ 执行完成（结果已由任务内部判定）: ActivityID=123
2025/09/13 22:29:23 sign_worker.go:38: → 执行签到任务: StuID=20230202332426, ActivityID=123
2025/09/13 22:29:24 submit.go:41: 发送签到结果邮件失败: 535 Login fail. Account is abnormal, service is not open, password is incorrect, login frequency limited, or system is busy. More information at https://help.mail.qq.com/detail/108/1023
2025/09/13 22:29:24 sign_worker.go:43: ✅ 执行完成（结果已由任务内部判定）: ActivityID=123
2025/09/13 22:29:24 sign_worker.go:38: → 执行签到任务: StuID=20230202331626, ActivityID=123
2025/09/13 22:29:24 submit.go:41: 发送签到结果邮件失败: 535 Login fail. Account is abnormal, service is not open, password is incorrect, login frequency limited, or system is busy. More information at https://help.mail.qq.com/detail/108/1023
2025/09/13 22:29:24 sign_worker.go:43: ✅ 执行完成（结果已由任务内部判定）: ActivityID=123
2025/09/13 22:29:24 sign_worker.go:38: → 执行签到任务: StuID=20230826330120, ActivityID=75
2025/09/13 22:29:25 submit.go:41: 发送签到结果邮件失败: 535 Login fail. Account is abnormal, service is not open, password is incorrect, login frequency limited, or system is busy. More information at https://help.mail.qq.com/detail/108/1023
2025/09/13 22:29:25 sign_worker.go:43: ✅ 执行完成（结果已由任务内部判定）: ActivityID=75
2025/09/13 22:29:25 sign_worker.go:38: → 执行签到任务: StuID=20230202330409, ActivityID=124
2025/09/13 22:29:25 submit.go:41: 发送签到结果邮件失败: 535 Login fail. Account is abnormal, service is not open, password is incorrect, login frequency limited, or system is busy. More information at https://help.mail.qq.com/detail/108/1023
2025/09/13 22:29:26 sign_worker.go:43: ✅ 执行完成（结果已由任务内部判定）: ActivityID=124
2025/09/13 22:29:26 sign_worker.go:38: → 执行签到任务: StuID=20230202331728, ActivityID=123
2025/09/13 22:29:26 submit.go:41: 发送签到结果邮件失败: 535 Login fail. Account is abnormal, service is not open, password is incorrect, login frequency limited, or system is busy. More information at https://help.mail.qq.com/detail/108/1023
2025/09/13 22:29:26 sign_worker.go:43: ✅ 执行完成（结果已由任务内部判定）: ActivityID=123
2025/09/13 22:29:26 sign_worker.go:38: → 执行签到任务: StuID=20230202331716, ActivityID=123
2025/09/13 22:29:26 submit.go:41: 发送签到结果邮件失败: 535 Login fail. Account is abnormal, service is not open, password is incorrect, login frequency limited, or system is busy. More information at https://help.mail.qq.com/detail/108/1023
2025/09/13 22:29:27 sign_worker.go:43: ✅ 执行完成（结果已由任务内部判定）: ActivityID=123
2025/09/13 22:29:27 sign_worker.go:38: → 执行签到任务: StuID=20230202331303, ActivityID=123
2025/09/13 22:29:27 submit.go:41: 发送签到结果邮件失败: 535 Login fail. Account is abnormal, service is not open, password is incorrect, login frequency limited, or system is busy. More information at https://help.mail.qq.com/detail/108/1023
2025/09/13 22:29:27 sign_worker.go:43: ✅ 执行完成（结果已由任务内部判定）: ActivityID=123
2025/09/13 22:29:27 sign_worker.go:38: → 执行签到任务: StuID=20230202331402, ActivityID=123
2025/09/13 22:29:28 submit.go:41: 发送签到结果邮件失败: 535 Login fail. Account is abnormal, service is not open, password is incorrect, login frequency limited, or system is busy. More information at https://help.mail.qq.com/detail/108/1023
2025/09/13 22:29:28 sign_worker.go:43: ✅ 执行完成（结果已由任务内部判定）: ActivityID=123
2025/09/13 22:29:28 sign_worker.go:38: → 执行签到任务: StuID=20230202331630, ActivityID=123
2025/09/13 22:29:28 submit.go:41: 发送签到结果邮件失败: 535 Login fail. Account is abnormal, service is not open, password is incorrect, login frequency limited, or system is busy. More information at https://help.mail.qq.com/detail/108/1023
2025/09/13 22:29:28 sign_worker.go:43: ✅ 执行完成（结果已由任务内部判定）: ActivityID=123
2025/09/13 22:29:28 sign_worker.go:38: → 执行签到任务: StuID=20230202331718, ActivityID=123
2025/09/13 22:29:29 sign_worker.go:43: ✅ 执行完成（结果已由任务内部判定）: ActivityID=123
2025/09/13 22:29:29 sign_worker.go:38: → 执行签到任务: StuID=20230202332307, ActivityID=123
2025/09/13 22:29:29 sign_worker.go:43: ✅ 执行完成（结果已由任务内部判定）: ActivityID=123
2025/09/13 22:29:29 sign_worker.go:38: → 执行签到任务: StuID=20230202332003, ActivityID=123
2025/09/13 22:29:30 submit.go:41: 发送签到结果邮件失败: 535 Login fail. Account is abnormal, service is not open, password is incorrect, login frequency limited, or system is busy. More information at https://help.mail.qq.com/detail/108/1023
2025/09/13 22:29:30 sign_worker.go:43: ✅ 执行完成（结果已由任务内部判定）: ActivityID=123
2025/09/13 22:29:30 sign_worker.go:38: → 执行签到任务: StuID=20230826330404, ActivityID=75
2025/09/13 22:29:30 submit.go:41: 发送签到结果邮件失败: 535 Login fail. Account is abnormal, service is not open, password is incorrect, login frequency limited, or system is busy. More information at https://help.mail.qq.com/detail/108/1023
2025/09/13 22:29:30 sign_worker.go:43: ✅ 执行完成（结果已由任务内部判定）: ActivityID=75
2025/09/13 22:29:30 sign_worker.go:38: → 执行签到任务: StuID=20230826330410, ActivityID=75
2025/09/13 22:29:31 submit.go:41: 发送签到结果邮件失败: 535 Login fail. Account is abnormal, service is not open, password is incorrect, login frequency limited, or system is busy. More information at https://help.mail.qq.com/detail/108/1023
2025/09/13 22:29:31 sign_worker.go:43: ✅ 执行完成（结果已由任务内部判定）: ActivityID=75
2025/09/13 22:29:31 sign_worker.go:38: → 执行签到任务: StuID=20230826330423, ActivityID=75
2025/09/13 22:29:31 submit.go:41: 发送签到结果邮件失败: 535 Login fail. Account is abnormal, service is not open, password is incorrect, login frequency limited, or system is busy. More information at https://help.mail.qq.com/detail/108/1023
2025/09/13 22:29:32 sign_worker.go:43: ✅ 执行完成（结果已由任务内部判定）: ActivityID=75
2025/09/13 22:29:32 sign_worker.go:38: → 执行签到任务: StuID=20230826330425, ActivityID=75
2025/09/13 22:29:32 submit.go:41: 发送签到结果邮件失败: 535 Login fail. Account is abnormal, service is not open, password is incorrect, login frequency limited, or system is busy. More information at https://help.mail.qq.com/detail/108/1023
2025/09/13 22:29:32 sign_worker.go:43: ✅ 执行完成（结果已由任务内部判定）: ActivityID=75
2025/09/13 22:29:32 sign_worker.go:38: → 执行签到任务: StuID=20230826330415, ActivityID=75
2025/09/13 22:29:32 submit.go:41: 发送签到结果邮件失败: 535 Login fail. Account is abnormal, service is not open, password is incorrect, login frequency limited, or system is busy. More information at https://help.mail.qq.com/detail/108/1023
2025/09/13 22:29:33 sign_worker.go:43: ✅ 执行完成（结果已由任务内部判定）: ActivityID=75
2025/09/13 22:29:33 sign_worker.go:38: → 执行签到任务: StuID=20230826330422, ActivityID=75
2025/09/13 22:29:33 submit.go:41: 发送签到结果邮件失败: 535 Login fail. Account is abnormal, service is not open, password is incorrect, login frequency limited, or system is busy. More information at https://help.mail.qq.com/detail/108/1023
2025/09/13 22:29:33 sign_worker.go:43: ✅ 执行完成（结果已由任务内部判定）: ActivityID=75
2025/09/13 22:29:33 sign_worker.go:38: → 执行签到任务: StuID=20230826330428, ActivityID=75
2025/09/13 22:29:34 submit.go:41: 发送签到结果邮件失败: 535 Login fail. Account is abnormal, service is not open, password is incorrect, login frequency limited, or system is busy. More information at https://help.mail.qq.com/detail/108/1023
2025/09/13 22:29:34 sign_worker.go:43: ✅ 执行完成（结果已由任务内部判定）: ActivityID=75
2025/09/13 22:29:34 sign_worker.go:38: → 执行签到任务: StuID=20230202330407, ActivityID=124
2025/09/13 22:29:34 submit.go:41: 发送签到结果邮件失败: 535 Login fail. Account is abnormal, service is not open, password is incorrect, login frequency limited, or system is busy. More information at https://help.mail.qq.com/detail/108/1023
2025/09/13 22:29:34 sign_worker.go:43: ✅ 执行完成（结果已由任务内部判定）: ActivityID=124
2025/09/13 22:29:34 sign_worker.go:38: → 执行签到任务: StuID=20230140330102, ActivityID=4
2025/09/13 22:29:35 submit.go:41: 发送签到结果邮件失败: 535 Login fail. Account is abnormal, service is not open, password is incorrect, login frequency limited, or system is busy. More information at https://help.mail.qq.com/detail/108/1023
2025/09/13 22:29:35 sign_worker.go:43: ✅ 执行完成（结果已由任务内部判定）: ActivityID=4
2025/09/13 22:29:35 sign_worker.go:38: → 执行签到任务: StuID=20230202330406, ActivityID=124
2025/09/13 22:29:35 submit.go:41: 发送签到结果邮件失败: 535 Login fail. Account is abnormal, service is not open, password is incorrect, login frequency limited, or system is busy. More information at https://help.mail.qq.com/detail/108/1023
2025/09/13 22:29:35 sign_worker.go:43: ✅ 执行完成（结果已由任务内部判定）: ActivityID=124
2025/09/13 22:29:35 sign_worker.go:38: → 执行签到任务: StuID=20230202330130, ActivityID=124
2025/09/13 22:29:36 submit.go:41: 发送签到结果邮件失败: 535 Login fail. Account is abnormal, service is not open, password is incorrect, login frequency limited, or system is busy. More information at https://help.mail.qq.com/detail/108/1023
2025/09/13 22:29:36 sign_worker.go:43: ✅ 执行完成（结果已由任务内部判定）: ActivityID=124
2025/09/13 22:29:36 sign_worker.go:38: → 执行签到任务: StuID=20230202332320, ActivityID=123
2025/09/13 22:29:36 submit.go:41: 发送签到结果邮件失败: 535 Login fail. Account is abnormal, service is not open, password is incorrect, login frequency limited, or system is busy. More information at https://help.mail.qq.com/detail/108/1023
2025/09/13 22:29:36 sign_worker.go:43: ✅ 执行完成（结果已由任务内部判定）: ActivityID=123
2025/09/13 22:29:36 sign_worker.go:38: → 执行签到任务: StuID=20230202332326, ActivityID=123
2025/09/13 22:29:37 submit.go:41: 发送签到结果邮件失败: 535 Login fail. Account is abnormal, service is not open, password is incorrect, login frequency limited, or system is busy. More information at https://help.mail.qq.com/detail/108/1023
2025/09/13 22:29:37 sign_worker.go:43: ✅ 执行完成（结果已由任务内部判定）: ActivityID=123
2025/09/13 22:29:37 sign_worker.go:38: → 执行签到任务: StuID=20220544330106, ActivityID=128
2025/09/13 22:29:37 submit.go:41: 发送签到结果邮件失败: 535 Login fail. Account is abnormal, service is not open, password is incorrect, login frequency limited, or system is busy. More information at https://help.mail.qq.com/detail/108/1023
2025/09/13 22:29:38 sign_worker.go:43: ✅ 执行完成（结果已由任务内部判定）: ActivityID=128
2025/09/13 22:29:38 sign_worker.go:38: → 执行签到任务: StuID=20220202332402, ActivityID=128
2025/09/13 22:29:38 submit.go:41: 发送签到结果邮件失败: 535 Login fail. Account is abnormal, service is not open, password is incorrect, login frequency limited, or system is busy. More information at https://help.mail.qq.com/detail/108/1023
2025/09/13 22:29:38 sign_worker.go:43: ✅ 执行完成（结果已由任务内部判定）: ActivityID=128
2025/09/13 22:29:38 sign_worker.go:38: → 执行签到任务: StuID=20220202332226, ActivityID=128
2025/09/13 22:29:39 submit.go:41: 发送签到结果邮件失败: 535 Login fail. Account is abnormal, service is not open, password is incorrect, login frequency limited, or system is busy. More information at https://help.mail.qq.com/detail/108/1023
2025/09/13 22:29:39 sign_worker.go:43: ✅ 执行完成（结果已由任务内部判定）: ActivityID=128
2025/09/13 22:29:39 sign_worker.go:38: → 执行签到任务: StuID=20240619330325, ActivityID=4
2025/09/13 22:29:39 sign_worker.go:43: ✅ 执行完成（结果已由任务内部判定）: ActivityID=4
2025/09/13 22:29:39 sign_worker.go:38: → 执行签到任务: StuID=20230202331714, ActivityID=123
2025/09/13 22:29:40 submit.go:41: 发送签到结果邮件失败: 535 Login fail. Account is abnormal, service is not open, password is incorrect, login frequency limited, or system is busy. More information at https://help.mail.qq.com/detail/108/1023
2025/09/13 22:29:40 sign_worker.go:43: ✅ 执行完成（结果已由任务内部判定）: ActivityID=123
2025/09/13 22:29:40 sign_worker.go:38: → 执行签到任务: StuID=20230202331710, ActivityID=123
2025/09/13 22:29:40 submit.go:41: 发送签到结果邮件失败: 535 Login fail. Account is abnormal, service is not open, password is incorrect, login frequency limited, or system is busy. More information at https://help.mail.qq.com/detail/108/1023
2025/09/13 22:29:40 sign_worker.go:43: ✅ 执行完成（结果已由任务内部判定）: ActivityID=123
2025/09/13 22:29:40 sign_worker.go:38: → 执行签到任务: StuID=20250314330118, ActivityID=125
2025/09/13 22:29:41 submit.go:41: 发送签到结果邮件失败: 535 Login fail. Account is abnormal, service is not open, password is incorrect, login frequency limited, or system is busy. More information at https://help.mail.qq.com/detail/108/1023
2025/09/13 22:29:41 sign_worker.go:43: ✅ 执行完成（结果已由任务内部判定）: ActivityID=125
2025/09/13 22:29:41 sign_worker.go:38: → 执行签到任务: StuID=20231605330518, ActivityID=121
2025/09/13 22:29:41 submit.go:41: 发送签到结果邮件失败: 535 Login fail. Account is abnormal, service is not open, password is incorrect, login frequency limited, or system is busy. More information at https://help.mail.qq.com/detail/108/1023
2025/09/13 22:29:41 sign_worker.go:41: ❌ 执行失败: 今天无签到任务
2025/09/13 22:29:41 sign_worker.go:38: → 执行签到任务: StuID=20240516330115, ActivityID=72
2025/09/13 22:29:42 submit.go:41: 发送签到结果邮件失败: 535 Login fail. Account is abnormal, service is not open, password is incorrect, login frequency limited, or system is busy. More information at https://help.mail.qq.com/detail/108/1023
2025/09/13 22:29:42 sign_worker.go:43: ✅ 执行完成（结果已由任务内部判定）: ActivityID=72
2025/09/13 22:29:42 sign_worker.go:38: → 执行签到任务: StuID=20240314330420, ActivityID=72
2025/09/13 22:29:42 submit.go:41: 发送签到结果邮件失败: 535 Login fail. Account is abnormal, service is not open, password is incorrect, login frequency limited, or system is busy. More information at https://help.mail.qq.com/detail/108/1023
2025/09/13 22:29:43 sign_worker.go:43: ✅ 执行完成（结果已由任务内部判定）: ActivityID=72
2025/09/13 22:29:43 sign_worker.go:38: → 执行签到任务: StuID=20230202332415, ActivityID=123
2025/09/13 22:29:43 submit.go:41: 发送签到结果邮件失败: 535 Login fail. Account is abnormal, service is not open, password is incorrect, login frequency limited, or system is busy. More information at https://help.mail.qq.com/detail/108/1023
2025/09/13 22:29:43 sign_worker.go:43: ✅ 执行完成（结果已由任务内部判定）: ActivityID=123
2025/09/13 22:29:43 submit.go:41: 发送签到结果邮件失败: 535 Login fail. Account is abnormal, service is not open, password is incorrect, login frequency limited, or system is busy. More information at https://help.mail.qq.com/detail/108/1023
2025/09/13 22:30:17 sign_worker.go:28: ⏰ 自动签到调度器运行中...
2025/09/13 22:30:17 sign_worker.go:30: 📭 当前无待签到任务（检测持续运行中... ...）
2025/09/13 22:35:17 sign_worker.go:28: ⏰ 自动签到调度器运行中...
2025/09/13 22:35:17 sign_worker.go:32: 📌 找到 1 个待签到任务，准备开始执行！
2025/09/13 22:35:17 sign_worker.go:38: → 执行签到任务: StuID=20231605330518, ActivityID=121
2025/09/13 22:35:17 sign_worker.go:41: ❌ 执行失败: 今天无签到任务
2025/09/13 22:35:18 submit.go:41: 发送签到结果邮件失败: 535 Login fail. Account is abnormal, service is not open, password is incorrect, login frequency limited, or system is busy. More information at https://help.mail.qq.com/detail/108/1023
2025/09/13 22:36:17 sign_worker.go:28: ⏰ 自动签到调度器运行中...
2025/09/13 22:36:17 sign_worker.go:30: 📭 当前无待签到任务（检测持续运行中... ...）
2025/09/13 22:41:17 sign_worker.go:28: ⏰ 自动签到调度器运行中...
2025/09/13 22:41:17 sign_worker.go:32: 📌 找到 1 个待签到任务，准备开始执行！
2025/09/13 22:41:17 sign_worker.go:38: → 执行签到任务: StuID=20231605330518, ActivityID=121
2025/09/13 22:41:17 sign_worker.go:41: ❌ 执行失败: 今天无签到任务
2025/09/13 22:42:17 sign_worker.go:28: ⏰ 自动签到调度器运行中...
2025/09/13 22:42:17 sign_worker.go:30: 📭 当前无待签到任务（检测持续运行中... ...）
2025/09/13 22:55:16 student.go:33: 收到用户绑定请求: 用户ID=1, 学生ID=20230202332409
2025/09/13 22:55:16 login.go:47: 🔁 正在进行第 1 次登录尝试...
2025/09/13 22:55:17 login.go:58: 🤖 AI识别验证码为： 4T64
2025/09/13 22:55:17 login.go:86: 获取登录响应: {"isok":true,"url":"http://me.swmu.edu.cn","g":""}
2025/09/13 22:55:17 studentdetail.go:61: ✅ 成功提取 student name：陈俊豪
2025/09/13 22:55:17 login.go:76: 🎓 获取到学生姓名：陈俊豪
2025/09/13 22:55:17 operations.go:55: 更新学生信息: 20230202332409
2025/09/13 22:55:17 operations.go:77: ✅ 该用户已绑定该学生，无需重复绑定
2025/09/13 22:56:16 student.go:33: 收到用户绑定请求: 用户ID=1, 学生ID=20230202332409
2025/09/13 22:56:16 login.go:47: 🔁 正在进行第 1 次登录尝试...
2025/09/13 22:56:16 login.go:58: 🤖 AI识别验证码为： 7643
2025/09/13 22:56:16 login.go:86: 获取登录响应: {"isok":false,"times":1,"isshowvalcode":false,"msg":"用户不存在或密码错误，连续登陆超过3次将被锁定","g":null}
2025/09/13 22:56:16 student.go:36: 绑定失败，错误信息: 登录失败: 微学工平台提示信息: 用户不存在或密码错误，连续登陆超过3次将被锁定
2025/09/13 23:00:52 student.go:33: 收到用户绑定请求: 用户ID=1, 学生ID=20230202332409
2025/09/13 23:00:52 login.go:47: 🔁 正在进行第 1 次登录尝试...
2025/09/13 23:00:52 login.go:58: 🤖 AI识别验证码为： 2233
2025/09/13 23:00:52 login.go:86: 获取登录响应: {"isok":true,"url":"http://me.swmu.edu.cn","g":""}
2025/09/13 23:00:52 studentdetail.go:61: ✅ 成功提取 student name：陈俊豪
2025/09/13 23:00:52 login.go:76: 🎓 获取到学生姓名：陈俊豪
2025/09/13 23:00:52 operations.go:55: 更新学生信息: 20230202332409
2025/09/13 23:00:58 student.go:36: 绑定失败，错误信息: 保存学生信息失败: database is locked
2025/09/13 23:01:45 student.go:33: 收到用户绑定请求: 用户ID=1, 学生ID=20230202332409
2025/09/13 23:01:45 login.go:47: 🔁 正在进行第 1 次登录尝试...
2025/09/13 23:01:45 login.go:58: 🤖 AI识别验证码为： 5HJB
2025/09/13 23:01:45 login.go:86: 获取登录响应: {"isok":true,"url":"http://me.swmu.edu.cn","g":""}
2025/09/13 23:01:45 studentdetail.go:61: ✅ 成功提取 student name：陈俊豪
2025/09/13 23:01:45 login.go:76: 🎓 获取到学生姓名：陈俊豪
2025/09/13 23:01:45 operations.go:55: 更新学生信息: 20230202332409
2025/09/13 23:01:51 student.go:36: 绑定失败，错误信息: 保存学生信息失败: database is locked
2025/09/13 23:02:18 student.go:33: 收到用户绑定请求: 用户ID=1, 学生ID=20230202332409
2025/09/13 23:02:18 login.go:47: 🔁 正在进行第 1 次登录尝试...
2025/09/13 23:02:18 login.go:58: 🤖 AI识别验证码为： 12HX
2025/09/13 23:02:18 login.go:86: 获取登录响应: {"isok":true,"url":"http://me.swmu.edu.cn","g":""}
2025/09/13 23:02:18 studentdetail.go:61: ✅ 成功提取 student name：陈俊豪
2025/09/13 23:02:18 login.go:76: 🎓 获取到学生姓名：陈俊豪
2025/09/13 23:02:18 operations.go:55: 更新学生信息: 20230202332409
2025/09/13 23:02:18 operations.go:77: ✅ 该用户已绑定该学生，无需重复绑定
2025/09/13 23:18:31 student.go:33: 收到用户绑定请求: 用户ID=1, 学生ID=20230826330120
2025/09/13 23:18:31 login.go:47: 🔁 正在进行第 1 次登录尝试...
2025/09/13 23:18:32 login.go:58: 🤖 AI识别验证码为： RBPJ
2025/09/13 23:18:32 login.go:86: 获取登录响应: {"isok":false,"times":1,"isshowvalcode":false,"msg":"用户不存在或密码错误，连续登陆超过3次将被锁定","g":null}
2025/09/13 23:18:32 student.go:36: 绑定失败，错误信息: 登录失败: 微学工平台提示信息: 用户不存在或密码错误，连续登陆超过3次将被锁定
2025/09/13 23:41:19 init.go:38: ✅ 数据库连接成功，迁移完成
2025/09/13 23:41:48 student.go:33: 收到用户绑定请求: 用户ID=1, 学生ID=20230826330120
2025/09/13 23:41:48 login.go:47: 🔁 正在进行第 1 次登录尝试...
2025/09/13 23:41:49 login.go:58: 🤖 AI识别验证码为： 8211
2025/09/13 23:41:49 login.go:86: 获取登录响应: {"isok":false,"times":1,"isshowvalcode":false,"msg":"用户不存在或密码错误，连续登陆超过3次将被锁定","g":null}
2025/09/13 23:41:49 student.go:36: 绑定失败，错误信息: 登录失败: 微学工平台提示信息: 用户不存在或密码错误，连续登陆超过3次将被锁定
2025/09/13 23:42:19 sign_worker.go:28: ⏰ 自动签到调度器运行中...
2025/09/13 23:42:19 sign_worker.go:30: 📭 当前无待签到任务（检测持续运行中... ...）
