2025/09/15 00:05:00 reset_worker.go:34: ✅ 所有任务已于 00:05 重置
2025/09/15 00:08:54 init.go:38: ✅ 数据库连接成功，迁移完成
2025/09/15 00:09:29 student.go:33: 收到用户绑定请求: 用户ID=1, 学生ID=20230202332409
2025/09/15 00:09:29 login.go:57: 🔁 正在进行第 1 次登录尝试...
2025/09/15 00:09:29 login.go:68: 🤖 AI识别验证码为： 3X4J
2025/09/15 00:09:29 login.go:80: 获取登录响应: {"isok":false,"times":1,"isshowvalcode":false,"msg":"密码过于简单，需要修改登陆密码！","g":"1258c346d2ae458596cc8ec3a2daefa5"}
2025/09/15 00:09:29 login.go:92: 微学工平台提示信息: 密码过于简单，需要修改登陆密码！
2025/09/15 00:09:29 student.go:37: 绑定失败，错误信息: 登录失败: 微学工平台提示信息: 密码过于简单，需要修改登陆密码！
2025/09/15 00:09:54 sign_worker.go:28: ⏰ 自动签到调度器运行中...
2025/09/15 00:09:54 sign_worker.go:30: 📭 当前无待签到任务（检测持续运行中... ...）
2025/09/15 00:10:06 student.go:33: 收到用户绑定请求: 用户ID=1, 学生ID=20230202332409
2025/09/15 00:10:06 login.go:57: 🔁 正在进行第 1 次登录尝试...
2025/09/15 00:10:06 login.go:68: 🤖 AI识别验证码为： 65D9
2025/09/15 00:10:06 login.go:80: 获取登录响应: {"isok":false,"times":1,"isshowvalcode":false,"msg":"密码过于简单，需要修改登陆密码！","g":"47a1ac311e594ca2bcbcce2218093104"}
2025/09/15 00:10:06 login.go:92: 微学工平台提示信息: 密码过于简单，需要修改登陆密码！
2025/09/15 00:10:06 student.go:37: 绑定失败，错误信息: 登录失败: 微学工平台提示信息: 密码过于简单，需要修改登陆密码！
2025/09/15 00:13:04 student.go:33: 收到用户绑定请求: 用户ID=1, 学生ID=123456
2025/09/15 00:13:04 login.go:57: 🔁 正在进行第 1 次登录尝试...
2025/09/15 00:13:04 login.go:68: 🤖 AI识别验证码为： X645
2025/09/15 00:13:04 login.go:80: 获取登录响应: {"isok":false,"times":1,"isshowvalcode":false,"msg":"用户不存在或密码错误，连续登陆超过3次将被锁定","g":null}
2025/09/15 00:13:04 login.go:98: 微学工平台提示信息: 用户不存在或密码错误，连续登陆超过3次将被锁定
2025/09/15 00:13:04 student.go:37: 绑定失败，错误信息: 登录失败: 用户不存在或密码错误，连续登陆超过3次将被锁定
2025/09/15 00:17:10 student.go:33: 收到用户绑定请求: 用户ID=1, 学生ID=123456
2025/09/15 00:17:10 login.go:57: 🔁 正在进行第 1 次登录尝试...
2025/09/15 00:17:11 login.go:68: 🤖 AI识别验证码为： P62R
2025/09/15 00:17:11 login.go:80: 获取登录响应: {"isok":false,"times":1,"isshowvalcode":false,"msg":"用户不存在或密码错误，连续登陆超过3次将被锁定","g":null}
2025/09/15 00:17:11 login.go:98: 微学工平台提示信息: 用户不存在或密码错误，连续登陆超过3次将被锁定
2025/09/15 00:17:11 student.go:37: 绑定失败，错误信息: 登录失败: 用户不存在或密码错误，连续登陆超过3次将被锁定
2025/09/15 00:17:30 student.go:33: 收到用户绑定请求: 用户ID=1, 学生ID=20230202332409
2025/09/15 00:17:30 login.go:57: 🔁 正在进行第 1 次登录尝试...
2025/09/15 00:17:31 login.go:68: 🤖 AI识别验证码为： P37H
2025/09/15 00:17:31 login.go:80: 获取登录响应: {"isok":false,"times":1,"isshowvalcode":false,"msg":"密码过于简单，需要修改登陆密码！","g":"d59e5652735b4427b10252ddba4753d5"}
2025/09/15 00:17:31 login.go:92: 微学工平台提示信息: 密码过于简单，需要修改登陆密码！
2025/09/15 00:17:31 student.go:37: 绑定失败，错误信息: 登录失败: 微学工平台提示信息: 密码过于简单，需要修改登陆密码！
2025/09/15 00:27:32 student.go:33: 收到用户绑定请求: 用户ID=1, 学生ID=20230202332409
2025/09/15 00:27:32 login.go:57: 🔁 正在进行第 1 次登录尝试...
2025/09/15 00:27:32 login.go:68: 🤖 AI识别验证码为： FJ92
2025/09/15 00:27:32 login.go:80: 获取登录响应: {"isok":false,"times":1,"isshowvalcode":false,"msg":"密码过于简单，需要修改登陆密码！","g":"9eb34a69c25a4acbabaaf664a475c850"}
2025/09/15 00:27:32 login.go:92: 微学工平台提示信息: 密码过于简单，需要修改登陆密码！
2025/09/15 00:27:32 student.go:37: 绑定失败，错误信息: 登录失败: 微学工平台提示信息: 密码过于简单，需要修改登陆密码！
2025/09/15 00:33:51 student.go:33: 收到用户绑定请求: 用户ID=1, 学生ID=20230202332409
2025/09/15 00:33:51 login.go:57: 🔁 正在进行第 1 次登录尝试...
2025/09/15 00:33:51 login.go:68: 🤖 AI识别验证码为： 79T6
2025/09/15 00:33:51 login.go:80: 获取登录响应: {"isok":false,"times":1,"isshowvalcode":false,"msg":"密码过于简单，需要修改登陆密码！","g":"e0e64ca82c95451e922907d26310a6a4"}
2025/09/15 00:33:51 login.go:92: 微学工平台提示信息: 密码过于简单，需要修改登陆密码！
2025/09/15 00:33:51 student.go:37: 绑定失败，错误信息: 登录失败: 微学工平台提示信息: 密码过于简单，需要修改登陆密码！
2025/09/15 00:34:25 student.go:33: 收到用户绑定请求: 用户ID=1, 学生ID=20230202332409
2025/09/15 00:34:25 login.go:57: 🔁 正在进行第 1 次登录尝试...
2025/09/15 00:34:26 login.go:68: 🤖 AI识别验证码为： DT9Z
2025/09/15 00:34:26 login.go:80: 获取登录响应: {"isok":false,"times":1,"isshowvalcode":false,"msg":"密码过于简单，需要修改登陆密码！","g":"f8bac7118ceb4c5188f63be7c364b8d7"}
2025/09/15 00:34:26 login.go:92: 微学工平台提示信息: 密码过于简单，需要修改登陆密码！
2025/09/15 00:34:26 student.go:37: 绑定失败，错误信息: 登录失败: 微学工平台提示信息: 密码过于简单，需要修改登陆密码！
2025/09/15 00:34:45 student.go:33: 收到用户绑定请求: 用户ID=1, 学生ID=20230202332409
2025/09/15 00:34:45 login.go:57: 🔁 正在进行第 1 次登录尝试...
2025/09/15 00:34:46 login.go:68: 🤖 AI识别验证码为： 21LJ
2025/09/15 00:34:46 login.go:80: 获取登录响应: {"isok":false,"times":1,"isshowvalcode":false,"msg":"密码过于简单，需要修改登陆密码！","g":"a3a779564d01453fba775e03d308b36a"}
2025/09/15 00:34:46 login.go:92: 微学工平台提示信息: 密码过于简单，需要修改登陆密码！
2025/09/15 00:34:46 student.go:37: 绑定失败，错误信息: 登录失败: 微学工平台提示信息: 密码过于简单，需要修改登陆密码！
2025/09/15 00:40:22 student.go:33: 收到用户绑定请求: 用户ID=1, 学生ID=20230202332409
2025/09/15 00:40:22 login.go:57: 🔁 正在进行第 1 次登录尝试...
2025/09/15 00:40:22 login.go:68: 🤖 AI识别验证码为： 31HZ
2025/09/15 00:40:22 login.go:80: 获取登录响应: {"isok":false,"times":1,"isshowvalcode":false,"msg":"密码过于简单，需要修改登陆密码！","g":"bd207a759f954bb98d00b8f3fc6a0da7"}
2025/09/15 00:40:22 login.go:92: 微学工平台提示信息: 密码过于简单，需要修改登陆密码！
2025/09/15 00:40:22 student.go:37: 绑定失败，错误信息: 登录失败: 微学工平台提示信息: 密码过于简单，需要修改登陆密码！
2025/09/15 00:44:51 student.go:33: 收到用户绑定请求: 用户ID=1, 学生ID=20230202332409
2025/09/15 00:44:51 login.go:57: 🔁 正在进行第 1 次登录尝试...
2025/09/15 00:44:51 login.go:68: 🤖 AI识别验证码为： 2P36
2025/09/15 00:44:52 login.go:80: 获取登录响应: {"isok":false,"times":1,"isshowvalcode":false,"msg":"密码过于简单，需要修改登陆密码！","g":"021ad9654f074fce8efb7e200f883842"}
2025/09/15 00:44:52 login.go:92: 微学工平台提示信息: 密码过于简单，需要修改登陆密码！
2025/09/15 00:44:52 student.go:37: 绑定失败，错误信息: 登录失败: 微学工平台提示信息: 密码过于简单，需要修改登陆密码！
2025/09/15 00:45:14 student.go:33: 收到用户绑定请求: 用户ID=1, 学生ID=20230202332409
2025/09/15 00:45:14 login.go:57: 🔁 正在进行第 1 次登录尝试...
2025/09/15 00:45:14 login.go:68: 🤖 AI识别验证码为： 738J
2025/09/15 00:45:14 login.go:80: 获取登录响应: {"isok":false,"times":1,"isshowvalcode":false,"msg":"密码过于简单，需要修改登陆密码！","g":"2858576586434a369ab377429934d6d1"}
2025/09/15 00:45:14 login.go:92: 微学工平台提示信息: 密码过于简单，需要修改登陆密码！
2025/09/15 00:45:14 student.go:37: 绑定失败，错误信息: 登录失败: 微学工平台提示信息: 密码过于简单，需要修改登陆密码！
2025/09/15 00:45:57 student.go:33: 收到用户绑定请求: 用户ID=1, 学生ID=123456
2025/09/15 00:45:57 login.go:57: 🔁 正在进行第 1 次登录尝试...
2025/09/15 00:45:57 login.go:68: 🤖 AI识别验证码为： ZZH6
2025/09/15 00:45:57 login.go:80: 获取登录响应: {"isok":false,"times":1,"isshowvalcode":false,"msg":"用户不存在或密码错误，连续登陆超过3次将被锁定","g":null}
2025/09/15 00:45:57 login.go:98: 微学工平台提示信息: 用户不存在或密码错误，连续登陆超过3次将被锁定
2025/09/15 00:45:57 student.go:37: 绑定失败，错误信息: 登录失败: 用户不存在或密码错误，连续登陆超过3次将被锁定
2025/09/15 00:46:44 student.go:33: 收到用户绑定请求: 用户ID=1, 学生ID=20230202332409
2025/09/15 00:46:44 login.go:57: 🔁 正在进行第 1 次登录尝试...
2025/09/15 00:46:45 login.go:68: 🤖 AI识别验证码为： 2DEH
2025/09/15 00:46:45 login.go:80: 获取登录响应: {"isok":false,"times":1,"isshowvalcode":false,"msg":"验证码输入错误","g":null}
2025/09/15 00:46:45 login.go:98: 微学工平台提示信息: 验证码输入错误
2025/09/15 00:46:45 login.go:57: 🔁 正在进行第 2 次登录尝试...
2025/09/15 00:46:45 login.go:68: 🤖 AI识别验证码为： 86H4
2025/09/15 00:46:45 login.go:80: 获取登录响应: {"isok":false,"times":1,"isshowvalcode":false,"msg":"密码过于简单，需要修改登陆密码！","g":"2958c5c9eb0c44d9a6c257913aa8d069"}
2025/09/15 00:46:45 login.go:92: 微学工平台提示信息: 密码过于简单，需要修改登陆密码！
2025/09/15 00:46:45 student.go:37: 绑定失败，错误信息: 登录失败: 微学工平台提示信息: 密码过于简单，需要修改登陆密码！
2025/09/15 00:48:50 student.go:33: 收到用户绑定请求: 用户ID=1, 学生ID=20230202332409
2025/09/15 00:48:50 login.go:57: 🔁 正在进行第 1 次登录尝试...
2025/09/15 00:48:51 login.go:68: 🤖 AI识别验证码为： RL87
2025/09/15 00:48:51 login.go:80: 获取登录响应: {"isok":false,"times":1,"isshowvalcode":false,"msg":"密码过于简单，需要修改登陆密码！","g":"2c6a176a9e6b488d8457775275b6240c"}
2025/09/15 00:48:51 login.go:92: 微学工平台提示信息: 密码过于简单，需要修改登陆密码！
2025/09/15 00:48:51 student.go:37: 绑定失败，错误信息: 登录失败: 微学工平台提示信息: 密码过于简单，需要修改登陆密码！
2025/09/15 00:55:52 student.go:33: 收到用户绑定请求: 用户ID=1, 学生ID=20230202332409
2025/09/15 00:55:52 login.go:57: 🔁 正在进行第 1 次登录尝试...
2025/09/15 00:55:52 login.go:68: 🤖 AI识别验证码为： 1169
2025/09/15 00:55:52 login.go:80: 获取登录响应: {"isok":false,"times":1,"isshowvalcode":false,"msg":"密码过于简单，需要修改登陆密码！","g":"a8f7488c1e794274953f64e89d25793d"}
2025/09/15 00:55:52 login.go:92: 微学工平台提示信息: 密码过于简单，需要修改登陆密码！
2025/09/15 00:55:52 student.go:37: 绑定失败，错误信息: 登录失败: 微学工平台提示信息: 密码过于简单，需要修改登陆密码！
2025/09/15 01:00:10 student.go:33: 收到用户绑定请求: 用户ID=1, 学生ID=20230202332409
2025/09/15 01:00:10 login.go:57: 🔁 正在进行第 1 次登录尝试...
2025/09/15 01:00:10 login.go:68: 🤖 AI识别验证码为： D1N4
2025/09/15 01:00:10 login.go:80: 获取登录响应: {"isok":false,"times":1,"isshowvalcode":false,"msg":"密码过于简单，需要修改登陆密码！","g":"8eb0eec822e7485fbdaf2874cd5efdc8"}
2025/09/15 01:00:10 login.go:92: 微学工平台提示信息: 密码过于简单，需要修改登陆密码！
2025/09/15 01:00:10 student.go:37: 绑定失败，错误信息: 登录失败: 微学工平台提示信息: 密码过于简单，需要修改登陆密码！
2025/09/15 01:05:36 student.go:33: 收到用户绑定请求: 用户ID=1, 学生ID=20230202332409
2025/09/15 01:05:36 login.go:57: 🔁 正在进行第 1 次登录尝试...
2025/09/15 01:05:36 login.go:68: 🤖 AI识别验证码为： R2DB
2025/09/15 01:05:36 login.go:80: 获取登录响应: {"isok":false,"times":1,"isshowvalcode":false,"msg":"用户不存在或密码错误，连续登陆超过3次将被锁定","g":null}
2025/09/15 01:05:36 login.go:98: 微学工平台提示信息: 用户不存在或密码错误，连续登陆超过3次将被锁定
2025/09/15 01:05:36 student.go:37: 绑定失败，错误信息: 登录失败: 用户不存在或密码错误，连续登陆超过3次将被锁定
2025/09/15 01:06:08 student.go:33: 收到用户绑定请求: 用户ID=1, 学生ID=20230202332409
2025/09/15 01:06:08 login.go:57: 🔁 正在进行第 1 次登录尝试...
2025/09/15 01:06:08 login.go:68: 🤖 AI识别验证码为： HXZ2
2025/09/15 01:06:08 login.go:80: 获取登录响应: {"isok":false,"times":1,"isshowvalcode":false,"msg":"用户不存在或密码错误，连续登陆超过3次将被锁定","g":null}
2025/09/15 01:06:08 login.go:98: 微学工平台提示信息: 用户不存在或密码错误，连续登陆超过3次将被锁定
2025/09/15 01:06:08 student.go:37: 绑定失败，错误信息: 登录失败: 用户不存在或密码错误，连续登陆超过3次将被锁定
2025/09/15 01:07:18 student.go:33: 收到用户绑定请求: 用户ID=1, 学生ID=20230202332409
2025/09/15 01:07:18 login.go:57: 🔁 正在进行第 1 次登录尝试...
2025/09/15 01:07:19 login.go:68: 🤖 AI识别验证码为： 61L1
2025/09/15 01:07:19 login.go:80: 获取登录响应: {"isok":false,"times":1,"isshowvalcode":false,"msg":"验证码输入错误","g":null}
2025/09/15 01:07:19 login.go:98: 微学工平台提示信息: 验证码输入错误
2025/09/15 01:07:19 login.go:57: 🔁 正在进行第 2 次登录尝试...
2025/09/15 01:07:19 login.go:68: 🤖 AI识别验证码为： 3XVB
2025/09/15 01:07:19 login.go:80: 获取登录响应: {"isok":false,"times":1,"isshowvalcode":false,"msg":"密码过于简单，需要修改登陆密码！","g":"b68bfbedc07548bca4af3fd7e58cf59f"}
2025/09/15 01:07:19 login.go:92: 微学工平台提示信息: 密码过于简单，需要修改登陆密码！
2025/09/15 01:07:19 student.go:37: 绑定失败，错误信息: 登录失败: 微学工平台提示信息: 密码过于简单，需要修改登陆密码！
2025/09/15 01:10:34 student.go:33: 收到用户绑定请求: 用户ID=1, 学生ID=20230202332409
2025/09/15 01:10:34 login.go:57: 🔁 正在进行第 1 次登录尝试...
2025/09/15 01:10:35 login.go:68: 🤖 AI识别验证码为： 29H3
2025/09/15 01:10:35 login.go:80: 获取登录响应: {"isok":false,"times":1,"isshowvalcode":false,"msg":"密码过于简单，需要修改登陆密码！","g":"e36e8a7222b5477b96a86eb5704aff4c"}
2025/09/15 01:10:35 login.go:92: 微学工平台提示信息: 密码过于简单，需要修改登陆密码！
2025/09/15 01:10:35 student.go:37: 绑定失败，错误信息: 登录失败: 微学工平台提示信息: 密码过于简单，需要修改登陆密码！
2025/09/15 01:23:02 student.go:33: 收到用户绑定请求: 用户ID=1, 学生ID=20230202332409
2025/09/15 01:23:02 login.go:57: 🔁 正在进行第 1 次登录尝试...
2025/09/15 01:23:03 login.go:68: 🤖 AI识别验证码为： 46TH
2025/09/15 01:23:03 login.go:80: 获取登录响应: {"isok":false,"times":1,"isshowvalcode":false,"msg":"密码过于简单，需要修改登陆密码！","g":"0ffb96bc7f054d8ea3c69e278e03b45a"}
2025/09/15 01:23:03 login.go:92: 微学工平台提示信息: 密码过于简单，需要修改登陆密码！
2025/09/15 01:23:03 student.go:37: 绑定失败，错误信息: 登录失败: 微学工平台提示信息: 密码过于简单，需要修改登陆密码！
2025/09/15 01:25:22 student.go:33: 收到用户绑定请求: 用户ID=1, 学生ID=20230202332409
2025/09/15 01:25:22 login.go:57: 🔁 正在进行第 1 次登录尝试...
2025/09/15 01:25:22 login.go:68: 🤖 AI识别验证码为： 23TX
2025/09/15 01:25:22 login.go:80: 获取登录响应: {"isok":false,"times":1,"isshowvalcode":false,"msg":"密码过于简单，需要修改登陆密码！","g":"e48865cc870048718a599d4a9b12574f"}
2025/09/15 01:25:22 login.go:92: 微学工平台提示信息: 密码过于简单，需要修改登陆密码！
2025/09/15 01:25:22 student.go:37: 绑定失败，错误信息: 登录失败: 微学工平台提示信息: 密码过于简单，需要修改登陆密码！
2025/09/15 01:28:42 student.go:33: 收到用户绑定请求: 用户ID=1, 学生ID=20230202332409
2025/09/15 01:28:42 login.go:57: 🔁 正在进行第 1 次登录尝试...
2025/09/15 01:28:43 login.go:68: 🤖 AI识别验证码为： 8L39
2025/09/15 01:28:43 login.go:80: 获取登录响应: {"isok":false,"times":1,"isshowvalcode":false,"msg":"密码过于简单，需要修改登陆密码！","g":"76e5aea87f664949863a1464140c6919"}
2025/09/15 01:28:43 login.go:92: 微学工平台提示信息: 密码过于简单，需要修改登陆密码！
2025/09/15 01:28:43 student.go:37: 绑定失败，错误信息: 登录失败: 微学工平台提示信息: 密码过于简单，需要修改登陆密码！
2025/09/15 01:33:20 student.go:33: 收到用户绑定请求: 用户ID=1, 学生ID=20230202332409
2025/09/15 01:33:20 login.go:57: 🔁 正在进行第 1 次登录尝试...
2025/09/15 01:33:21 login.go:68: 🤖 AI识别验证码为： X647
2025/09/15 01:33:21 login.go:80: 获取登录响应: {"isok":false,"times":1,"isshowvalcode":false,"msg":"密码过于简单，需要修改登陆密码！","g":"09f24091110d4d449be8d17196e75315"}
2025/09/15 01:33:21 login.go:92: 微学工平台提示信息: 密码过于简单，需要修改登陆密码！
2025/09/15 01:33:21 student.go:37: 绑定失败，错误信息: 登录失败: 微学工平台提示信息: 密码过于简单，需要修改登陆密码！
2025/09/15 01:44:28 student.go:33: 收到用户绑定请求: 用户ID=1, 学生ID=20230202332409
2025/09/15 01:44:28 login.go:57: 🔁 正在进行第 1 次登录尝试...
2025/09/15 01:44:28 login.go:68: 🤖 AI识别验证码为： P725
2025/09/15 01:44:28 login.go:80: 获取登录响应: {"isok":false,"times":1,"isshowvalcode":false,"msg":"密码过于简单，需要修改登陆密码！","g":"e66b6ad7c3e242b3ae019beea2e43d64"}
2025/09/15 01:44:28 login.go:92: 微学工平台提示信息: 密码过于简单，需要修改登陆密码！
2025/09/15 01:44:28 student.go:37: 绑定失败，错误信息: 登录失败: 微学工平台提示信息: 密码过于简单，需要修改登陆密码！
2025/09/15 01:45:04 student.go:33: 收到用户绑定请求: 用户ID=1, 学生ID=20230202332409
2025/09/15 01:45:04 login.go:57: 🔁 正在进行第 1 次登录尝试...
2025/09/15 01:45:05 login.go:68: 🤖 AI识别验证码为： P7B5
2025/09/15 01:45:05 login.go:80: 获取登录响应: {"isok":false,"times":1,"isshowvalcode":false,"msg":"密码过于简单，需要修改登陆密码！","g":"8bff2cbc8fe94dd79b88843b149f1efc"}
2025/09/15 01:45:05 login.go:92: 微学工平台提示信息: 密码过于简单，需要修改登陆密码！
2025/09/15 01:45:05 student.go:37: 绑定失败，错误信息: 登录失败: 微学工平台提示信息: 密码过于简单，需要修改登陆密码！
2025/09/15 01:50:15 student.go:33: 收到用户绑定请求: 用户ID=1, 学生ID=20230202332409
2025/09/15 01:50:15 login.go:57: 🔁 正在进行第 1 次登录尝试...
2025/09/15 01:50:16 login.go:68: 🤖 AI识别验证码为： HR63
2025/09/15 01:50:16 login.go:80: 获取登录响应: {"isok":false,"times":1,"isshowvalcode":false,"msg":"密码过于简单，需要修改登陆密码！","g":"532cd7d3e3024312bde40a1c6f7fea65"}
2025/09/15 01:50:16 login.go:92: 微学工平台提示信息: 密码过于简单，需要修改登陆密码！
2025/09/15 01:50:16 student.go:37: 绑定失败，错误信息: 登录失败: 微学工平台提示信息: 密码过于简单，需要修改登陆密码！
2025/09/15 01:53:22 student.go:33: 收到用户绑定请求: 用户ID=1, 学生ID=20230202332409
2025/09/15 01:53:22 login.go:57: 🔁 正在进行第 1 次登录尝试...
2025/09/15 01:53:23 login.go:68: 🤖 AI识别验证码为： 3BX8
2025/09/15 01:53:23 login.go:80: 获取登录响应: {"isok":false,"times":1,"isshowvalcode":false,"msg":"密码过于简单，需要修改登陆密码！","g":"785fcd37c00c449a99d6b8ffee8874bd"}
2025/09/15 01:53:23 login.go:92: 微学工平台提示信息: 密码过于简单，需要修改登陆密码！
2025/09/15 01:53:23 student.go:37: 绑定失败，错误信息: 登录失败: 微学工平台提示信息: 密码过于简单，需要修改登陆密码！
2025/09/15 01:56:45 student.go:33: 收到用户绑定请求: 用户ID=1, 学生ID=20230202332409
2025/09/15 01:56:45 login.go:57: 🔁 正在进行第 1 次登录尝试...
2025/09/15 01:56:46 login.go:68: 🤖 AI识别验证码为： D115
2025/09/15 01:56:46 login.go:80: 获取登录响应: {"isok":false,"times":1,"isshowvalcode":false,"msg":"密码过于简单，需要修改登陆密码！","g":"772abd8d59494ac0b97662bb14406f5a"}
2025/09/15 01:56:46 login.go:92: 微学工平台提示信息: 密码过于简单，需要修改登陆密码！
2025/09/15 01:56:46 student.go:37: 绑定失败，错误信息: 登录失败: 微学工平台提示信息: 密码过于简单，需要修改登陆密码！
2025/09/15 02:00:31 student.go:33: 收到用户绑定请求: 用户ID=1, 学生ID=20230202332409
2025/09/15 02:00:31 login.go:57: 🔁 正在进行第 1 次登录尝试...
2025/09/15 02:00:31 login.go:68: 🤖 AI识别验证码为： B1FD
2025/09/15 02:00:31 login.go:80: 获取登录响应: {"isok":false,"times":1,"isshowvalcode":false,"msg":"密码过于简单，需要修改登陆密码！","g":"f781d1650090418fb836aca2fc64ec2e"}
2025/09/15 02:00:31 login.go:92: 微学工平台提示信息: 密码过于简单，需要修改登陆密码！
2025/09/15 02:00:31 student.go:37: 绑定失败，错误信息: 登录失败: 微学工平台提示信息: 密码过于简单，需要修改登陆密码！
2025/09/15 02:00:57 student.go:33: 收到用户绑定请求: 用户ID=1, 学生ID=20230202332409
2025/09/15 02:00:57 login.go:57: 🔁 正在进行第 1 次登录尝试...
2025/09/15 02:00:57 login.go:68: 🤖 AI识别验证码为： 55NZ
2025/09/15 02:00:57 login.go:80: 获取登录响应: {"isok":true,"url":"http://me.swmu.edu.cn","g":""}
2025/09/15 02:00:57 studentdetail.go:61: ✅ 成功提取 student name：陈俊豪
2025/09/15 02:00:57 login.go:99: 🎓 获取到学生姓名：陈俊豪
2025/09/15 02:00:57 operations.go:55: 更新学生信息: 20230202332409
2025/09/15 02:00:57 operations.go:77: ✅ 该用户已绑定该学生，无需重复绑定
